// Jest Snapshot v1, https://goo.gl/fbAQLP

exports[`<HomePage /> should render the page 1`] = `
<article>
  <div
    className="HomePage__Splash-eQGvGD icCRCs"
  >
    <main>
      <img
        alt="Bookswap Logo"
        src="IMAGE_MOCK"
      />
      <h1>
        Bookswap
      </h1>
      <h3>
        Quickly and easily trade books with like-minded friends.
      </h3>
      <button
        onClick={[Function]}
      >
        Get Started
        <svg
          fill="#FFFFFF"
          height="24"
          viewBox="0 0 24 24"
          width="24"
          xmlns="http://www.w3.org/2000/svg"
        >
          <path
            d="M8.59 16.34l4.58-4.59-4.58-4.59L10 5.75l6 6-6 6z"
          />
          <path
            d="M0-.25h24v24H0z"
            fill="none"
          />
        </svg>
      </button>
    </main>
  </div>
</article>
`;
